// Jest Snapshot v1, https://goo.gl/fbAQLP

exports[`Home  Componenet renders correctly 1`] = `
Array [
  <div
    className="quote-nav"
  />,
  <div
    className="calculator"
  >
    <h1
      className="quote"
    >
      Quote of the day
    </h1>
    <p
      className="day-quote"
    >
      <q>
        Without mathematics, there’s nothing you can do. Everything around you is mathematics. Everything around you is numbers..
        <span>
          – Shakuntala Devi
        </span>
      </q>
    </p>
  </div>,
]
`;

exports[`Home  Componenet renders correctly 2`] = `
<div
  className="calculator"
>
  <h2
    className="title"
  >
    Welcome to Wintan calculator
  </h2>
  <div
    className="text"
  >
    There are 26 letters of the English alphabet, but there are 44 sounds of English. Kids learn letters, but they also need to learn phonemes and graphemes. And once they’ve gotten that, they need to segment, blend, and manipulate sounds. Let’s break all that down and look at some ways to teach the 44 sounds of English.Phonemes are basic units of sounds. There are 44 phonemes that can be blended to form additional sounds.Graphemes are the way we write phonemes. You can have a one letter grapheme or multi-letter grapheme. For example, digraphs are two-letter graphemes that represent one phoneme or two letters that represent one sound. You can also have three- or four-letter graphemes.
  </div>
</div>
`;

exports[`Home  Componenet renders correctly 3`] = `
<div
  className="calculator"
>
  <div
    className="display"
  >
    
  </div>
  <div
    className="button-panel"
  >
    <div>
      <button
        onClick={[Function]}
        style={
          Object {
            "background": "#E0E0E0",
            "width": "25%",
          }
        }
        type="button"
      >
        AC
      </button>
      <button
        onClick={[Function]}
        style={
          Object {
            "background": "#E0E0E0",
            "width": "25%",
          }
        }
        type="button"
      >
        +/-
      </button>
      <button
        onClick={[Function]}
        style={
          Object {
            "background": "#E0E0E0",
            "width": "25%",
          }
        }
        type="button"
      >
        %
      </button>
      <button
        onClick={[Function]}
        style={
          Object {
            "background": "#ffa500",
            "width": "25%",
          }
        }
        type="button"
      >
        ÷
      </button>
    </div>
    <div>
      <button
        onClick={[Function]}
        style={
          Object {
            "background": "#E0E0E0",
            "width": "25%",
          }
        }
        type="button"
      >
        7
      </button>
      <button
        onClick={[Function]}
        style={
          Object {
            "background": "#E0E0E0",
            "width": "25%",
          }
        }
        type="button"
      >
        9
      </button>
      <button
        onClick={[Function]}
        style={
          Object {
            "background": "#E0E0E0",
            "width": "25%",
          }
        }
        type="button"
      >
        8
      </button>
      <button
        onClick={[Function]}
        style={
          Object {
            "background": "#ffa500",
            "width": "25%",
          }
        }
        type="button"
      >
        x
      </button>
    </div>
    <div>
      <button
        onClick={[Function]}
        style={
          Object {
            "background": "#E0E0E0",
            "width": "25%",
          }
        }
        type="button"
      >
        4
      </button>
      <button
        onClick={[Function]}
        style={
          Object {
            "background": "#E0E0E0",
            "width": "25%",
          }
        }
        type="button"
      >
        5
      </button>
      <button
        onClick={[Function]}
        style={
          Object {
            "background": "#E0E0E0",
            "width": "25%",
          }
        }
        type="button"
      >
        6
      </button>
      <button
        onClick={[Function]}
        style={
          Object {
            "background": "#ffa500",
            "width": "25%",
          }
        }
        type="button"
      >
        -
      </button>
    </div>
    <div>
      <button
        onClick={[Function]}
        style={
          Object {
            "background": "#E0E0E0",
            "width": "25%",
          }
        }
        type="button"
      >
        1
      </button>
      <button
        onClick={[Function]}
        style={
          Object {
            "background": "#E0E0E0",
            "width": "25%",
          }
        }
        type="button"
      >
        2
      </button>
      <button
        onClick={[Function]}
        style={
          Object {
            "background": "#E0E0E0",
            "width": "25%",
          }
        }
        type="button"
      >
        3
      </button>
      <button
        onClick={[Function]}
        style={
          Object {
            "background": "#ffa500",
            "width": "25%",
          }
        }
        type="button"
      >
        +
      </button>
    </div>
    <div>
      <button
        onClick={[Function]}
        style={
          Object {
            "background": "#E0E0E0",
            "width": "50%",
          }
        }
        type="button"
      >
        0
      </button>
      <button
        onClick={[Function]}
        style={
          Object {
            "background": "#E0E0E0",
            "width": "25%",
          }
        }
        type="button"
      >
        .
      </button>
      <button
        onClick={[Function]}
        style={
          Object {
            "background": "#ffa500",
            "width": "25%",
          }
        }
        type="button"
      >
        =
      </button>
    </div>
  </div>
</div>
`;
